2026-08-03 21:15:08,377 [INFO] jarvis.clap: Jarvis listener started.
2026-08-03 21:15:08,377 [INFO] jarvis.clap: Starting microphone calibration (3.0s).
2026-08-03 21:15:11,427 [INFO] jarvis.clap: Calibration complete. ambient_rms=0.04730 threshold=0.37838 multiplier=8.00
2026-08-03 21:16:19,645 [INFO] jarvis.clap: Interrupted by user (Ctrl+C).
2026-08-03 21:16:19,763 [INFO] jarvis.clap: Jarvis listener stopped.
2026-08-03 21:16:21,596 [INFO] jarvis.clap: Jarvis listener started.
2026-08-03 21:16:21,597 [INFO] jarvis.clap: Starting microphone calibration (3.0s).
2026-08-03 21:16:24,617 [INFO] jarvis.clap: Calibration complete. ambient_rms=0.05952 threshold=0.89281 multiplier=15.00
2026-08-03 21:17:09,680 [INFO] jarvis.clap: Interrupted by user (Ctrl+C).
2026-08-03 21:17:09,858 [INFO] jarvis.clap: Jarvis listener stopped.
2026-08-03 21:19:37,110 [INFO] jarvis.clap: Jarvis listener started.
2026-08-03 21:19:37,111 [INFO] jarvis.clap: Starting microphone calibration (3.0s).
2026-08-03 21:19:40,132 [INFO] jarvis.clap: Calibration complete. ambient_median=0.00003 ambient_p90=0.00015 threshold=0.05000 multiplier=4.00
2026-08-03 21:19:40,752 [INFO] jarvis.clap: First clap detected.
2026-08-03 21:19:51,749 [INFO] jarvis.clap: Interrupted by user (Ctrl+C).
2026-08-03 21:19:51,895 [INFO] jarvis.clap: Jarvis listener stopped.
2026-08-03 21:19:55,076 [INFO] jarvis.clap: Jarvis listener started.
2026-08-03 21:19:55,077 [INFO] jarvis.clap: Starting microphone calibration (3.0s).
2026-08-03 21:19:58,110 [INFO] jarvis.clap: Calibration complete. ambient_median=0.00468 ambient_p90=0.15432 threshold=0.30865 multiplier=4.00
2026-08-03 21:19:59,472 [INFO] jarvis.clap: First clap detected.
2026-08-03 21:19:59,854 [INFO] jarvis.clap: Second clap detected (interval=0.375s).
2026-08-03 21:19:59,855 [INFO] jarvis.clap: DOUBLE CLAP CONFIRMED. Cooldown 3.0s.
2026-08-03 21:20:04,077 [INFO] jarvis.clap: First clap detected.
2026-08-03 21:20:04,812 [INFO] jarvis.clap: Second clap detected (interval=0.734s).
2026-08-03 21:20:04,812 [INFO] jarvis.clap: DOUBLE CLAP CONFIRMED. Cooldown 3.0s.
2026-08-03 21:20:07,519 [INFO] jarvis.clap: Interrupted by user (Ctrl+C).
2026-08-03 21:20:07,656 [INFO] jarvis.clap: Jarvis listener stopped.
2026-08-03 21:23:20,593 [INFO] jarvis.clap: Jarvis listener started.
2026-08-03 21:23:20,593 [INFO] jarvis.clap: Starting microphone calibration (3.0s).
2026-08-03 21:23:23,638 [INFO] jarvis.clap: Calibration complete. ambient_median=0.00009 ambient_p95=0.01654 threshold=0.22000 multiplier=6.00
2026-08-03 21:24:01,717 [INFO] jarvis.clap: Interrupted by user (Ctrl+C).
2026-08-03 21:24:01,853 [INFO] jarvis.clap: Jarvis listener stopped.
2026-08-03 21:29:04,207 [INFO] jarvis.clap: Jarvis listener started.
2026-08-03 21:29:04,207 [INFO] jarvis.clap: Starting microphone calibration (3.0s).
2026-08-03 21:29:07,227 [INFO] jarvis.clap: Calibration complete. ambient_median=0.02927 ambient_p95=0.35540 threshold=0.55000
2026-08-03 21:29:09,985 [INFO] jarvis.clap: near-miss: peak=0.344 below threshold=0.550 (crest=2.5 hf=0.14)
2026-08-03 21:29:11,105 [INFO] jarvis.clap: near-miss: peak=0.450 below threshold=0.550 (crest=2.9 hf=0.16)
2026-08-03 21:29:16,193 [INFO] jarvis.clap: near-miss: peak=0.313 below threshold=0.550 (crest=5.1 hf=0.59)
2026-08-03 21:31:29,131 [INFO] jarvis.clap: Interrupted by user (Ctrl+C).
2026-08-03 21:31:29,314 [INFO] jarvis.clap: Jarvis listener stopped.
2026-08-03 21:31:45,335 [INFO] jarvis.clap: Jarvis listener started.
2026-08-03 21:31:45,335 [INFO] jarvis.clap: Starting microphone calibration (3.0s).
2026-08-03 21:31:48,369 [INFO] jarvis.clap: Calibration complete. ambient_median=0.04037 ambient_p75=0.10820 threshold=0.25000
2026-08-03 21:31:49,304 [INFO] jarvis.clap: near-miss: peak=0.145 below threshold=0.250 (crest=2.7 hf=0.36)
2026-08-03 21:31:50,747 [INFO] jarvis.clap: near-miss: peak=0.200 below threshold=0.250 (crest=2.9 hf=0.50)
2026-08-03 21:31:51,134 [INFO] jarvis.clap: near-miss: peak=0.198 below threshold=0.250 (crest=4.8 hf=1.05)
2026-08-03 21:31:51,259 [INFO] jarvis.clap: First clap detected.
2026-08-03 21:31:53,337 [INFO] jarvis.clap: near-miss: peak=0.150 below threshold=0.250 (crest=2.7 hf=0.46)
2026-08-03 21:31:53,693 [INFO] jarvis.clap: near-miss: peak=0.168 below threshold=0.250 (crest=2.8 hf=0.50)
2026-08-03 21:31:54,075 [INFO] jarvis.clap: near-miss: peak=0.157 below threshold=0.250 (crest=2.3 hf=0.28)
2026-08-03 21:31:54,077 [INFO] jarvis.clap: First clap detected.
2026-08-03 21:31:54,718 [INFO] jarvis.clap: near-miss: peak=0.188 below threshold=0.250 (crest=4.5 hf=0.56)
2026-08-03 21:31:55,133 [INFO] jarvis.clap: near-miss: peak=0.157 below threshold=0.250 (crest=4.6 hf=0.38)
2026-08-03 21:31:56,446 [INFO] jarvis.clap: near-miss: peak=0.145 below threshold=0.250 (crest=3.2 hf=0.42)
2026-08-03 21:31:57,178 [INFO] jarvis.clap: near-miss: peak=0.171 below threshold=0.250 (crest=2.1 hf=0.20)
2026-08-03 21:31:57,623 [INFO] jarvis.clap: near-miss: peak=0.217 below threshold=0.250 (crest=2.6 hf=0.29)
2026-08-03 21:31:57,698 [INFO] jarvis.clap: First clap detected.
2026-08-03 21:31:58,017 [INFO] jarvis.clap: near-miss: peak=0.230 below threshold=0.250 (crest=2.9 hf=0.34)
2026-08-03 21:32:11,546 [INFO] jarvis.clap: near-miss: peak=0.146 below threshold=0.250 (crest=3.0 hf=0.39)
2026-08-03 21:32:11,996 [INFO] jarvis.clap: near-miss: peak=0.154 below threshold=0.250 (crest=2.2 hf=0.22)
2026-08-03 21:32:12,343 [INFO] jarvis.clap: near-miss: peak=0.188 below threshold=0.250 (crest=2.9 hf=0.21)
2026-08-03 21:32:12,858 [INFO] jarvis.clap: near-miss: peak=0.188 below threshold=0.250 (crest=2.7 hf=0.25)
2026-08-03 21:32:13,179 [INFO] jarvis.clap: First clap detected.
2026-08-03 21:32:13,338 [INFO] jarvis.clap: near-miss: peak=0.209 below threshold=0.250 (crest=3.2 hf=0.44)
2026-08-03 21:32:16,418 [INFO] jarvis.clap: near-miss: peak=0.153 below threshold=0.250 (crest=2.2 hf=0.34)
2026-08-03 21:32:16,775 [INFO] jarvis.clap: near-miss: peak=0.208 below threshold=0.250 (crest=3.0 hf=0.42)
2026-08-03 21:32:18,176 [INFO] jarvis.clap: near-miss: peak=0.152 below threshold=0.250 (crest=2.3 hf=0.37)
2026-08-03 21:32:18,583 [INFO] jarvis.clap: near-miss: peak=0.167 below threshold=0.250 (crest=2.5 hf=0.35)
2026-08-03 21:32:18,585 [INFO] jarvis.clap: First clap detected.
2026-08-03 21:32:19,003 [INFO] jarvis.clap: near-miss: peak=0.309 but soft rise 2.7x (need 3.0x)
2026-08-03 21:32:19,385 [INFO] jarvis.clap: near-miss: peak=0.468 but soft rise 2.2x (need 3.0x)
2026-08-03 21:32:19,738 [INFO] jarvis.clap: near-miss: peak=0.325 but soft rise 1.2x (need 3.0x)
2026-08-03 21:32:20,094 [INFO] jarvis.clap: near-miss: peak=0.182 below threshold=0.250 (crest=3.3 hf=1.61)
2026-08-03 21:32:22,222 [INFO] jarvis.clap: Interrupted by user (Ctrl+C).
2026-08-03 21:32:22,355 [INFO] jarvis.clap: Jarvis listener stopped.
2026-08-03 21:33:38,284 [INFO] jarvis.clap: Jarvis listener started.
2026-08-03 21:33:38,285 [INFO] jarvis.clap: Starting microphone calibration (3.0s).
2026-08-03 21:33:41,335 [INFO] jarvis.clap: Calibration complete. ambient_median=0.00003 ambient_p75=0.00003 threshold=0.14000
2026-08-03 21:33:53,643 [INFO] jarvis.clap: near-miss: peak=0.081 below threshold=0.140 (crest=2.6 hf=0.20)
2026-08-03 21:33:54,544 [INFO] jarvis.clap: near-miss: peak=0.097 below threshold=0.140 (crest=3.4 hf=1.42)
2026-08-03 21:33:54,889 [INFO] jarvis.clap: near-miss: peak=0.102 below threshold=0.140 (crest=4.3 hf=0.79)
2026-08-03 21:33:54,891 [INFO] jarvis.clap: First clap detected.
2026-08-03 21:33:55,919 [INFO] jarvis.clap: near-miss: peak=0.110 below threshold=0.140 (crest=2.9 hf=0.53)
2026-08-03 21:33:56,267 [INFO] jarvis.clap: near-miss: peak=0.123 below threshold=0.140 (crest=2.4 hf=0.34)
2026-08-03 21:33:56,462 [INFO] jarvis.clap: First clap detected.
2026-08-03 21:33:56,748 [INFO] jarvis.clap: near-miss: peak=0.209 but soft rise 0.8x (need 1.8x)
2026-08-03 21:33:57,584 [INFO] jarvis.clap: near-miss: peak=0.130 below threshold=0.140 (crest=3.3 hf=1.03)
2026-08-03 21:33:58,219 [INFO] jarvis.clap: near-miss: peak=0.085 below threshold=0.140 (crest=2.9 hf=0.37)
2026-08-03 21:33:58,670 [INFO] jarvis.clap: near-miss: peak=0.108 below threshold=0.140 (crest=2.1 hf=0.14)
2026-08-03 21:33:58,671 [INFO] jarvis.clap: First clap detected.
2026-08-03 21:33:59,019 [INFO] jarvis.clap: near-miss: peak=0.192 but soft rise 1.0x (need 1.8x)
2026-08-03 21:33:59,468 [INFO] jarvis.clap: near-miss: peak=0.085 below threshold=0.140 (crest=2.3 hf=0.39)
2026-08-03 21:34:01,844 [INFO] jarvis.clap: near-miss: peak=0.114 below threshold=0.140 (crest=1.7 hf=0.09)
2026-08-03 21:34:02,189 [INFO] jarvis.clap: near-miss: peak=0.091 below threshold=0.140 (crest=3.4 hf=0.70)
2026-08-03 21:34:02,988 [INFO] jarvis.clap: near-miss: peak=0.081 below threshold=0.140 (crest=2.7 hf=0.41)
2026-08-03 21:34:03,402 [INFO] jarvis.clap: near-miss: peak=0.106 below threshold=0.140 (crest=2.2 hf=0.13)
2026-08-03 21:34:03,402 [INFO] jarvis.clap: First clap detected.
2026-08-03 21:34:03,764 [INFO] jarvis.clap: near-miss: peak=0.136 below threshold=0.140 (crest=4.1 hf=0.67)
2026-08-03 21:34:03,950 [INFO] jarvis.clap: Second clap detected (interval=0.547s).
2026-08-03 21:34:03,950 [INFO] jarvis.clap: DOUBLE CLAP CONFIRMED. Cooldown 3.0s.
2026-08-03 21:34:08,078 [INFO] jarvis.clap: near-miss: peak=0.114 below threshold=0.140 (crest=3.1 hf=0.41)
2026-08-03 21:34:10,830 [INFO] jarvis.clap: near-miss: peak=0.081 below threshold=0.140 (crest=2.7 hf=0.45)
2026-08-03 21:34:11,459 [INFO] jarvis.clap: Interrupted by user (Ctrl+C).
2026-08-03 21:34:11,605 [INFO] jarvis.clap: Jarvis listener stopped.
